04-01 17:40:53.316  3875  3875 D DevelopmentSettings: innopia :: PowerKeyLock ON
04-01 17:40:53.316  3875  3875 D DevelopmentSettings: innopia :: ===================================================
04-01 17:40:53.316  3875  3875 D DevelopmentSettings: innopia :: getRcuSetupState()
04-01 17:40:53.317  3875  3875 D DevelopmentSettings: innopia :: get RcuSetupState = OFF
04-01 17:40:53.317  3875  3875 D DevelopmentSettings: innopia :: ===================================================
04-01 17:40:53.317  3875  3875 D DevelopmentSettings: innopia :: startRcuSetup()
04-01 17:40:53.317  3875  3875 D DevelopmentSettings: innopia :: start RCU Setup.
04-01 17:40:53.335  3875  3875 D DevelopmentSettings: innopia :: getKeyLockState() 
04-01 17:40:53.356  3875  6114 D DevelopmentSettings: innopia :: ===================================================
04-01 17:40:53.356  3875  6114 D DevelopmentSettings: innopia :: IN = T4HKeyLockTV
04-01 17:40:53.356  3875  6114 D DevelopmentSettings: innopia :: OUT = T4HKeyLockTV
04-01 17:40:53.356  3875  6114 D DevelopmentSettings: innopia :: volup | vdown | power | mute | input 
04-01 17:40:53.356  3875  6114 D DevelopmentSettings: innopia :: false | false | false | false | false
04-01 17:40:53.356  3875  6114 D DevelopmentSettings: innopia :: ===================================================
04-01 17:40:53.360  1949  6600 D BTPairingService: onDataReceived : 30:D9:7F:1E:67:FC
04-01 17:40:53.363  3875  6114 D DevelopmentSettings: innopia :: ===================================================
04-01 17:40:53.363  3875  6114 D DevelopmentSettings: innopia :: IN = T4HKeyLockSTB
04-01 17:40:53.363  3875  6114 D DevelopmentSettings: innopia :: OUT = T4HKeyLockSTB
04-01 17:40:53.363  3875  6114 D DevelopmentSettings: innopia :: volup | vdown | power | mute | input 
04-01 17:40:53.363  3875  6114 D DevelopmentSettings: innopia :: true | true | true | true | true
04-01 17:40:53.363  3875  6114 D DevelopmentSettings: innopia :: ===================================================
04-01 17:40:53.365  1949  6600 D BTPairingService: onDataReceived : 30:D9:7F:1E:67:FC
04-01 17:40:53.370  3875  6114 D DevelopmentSettings: innopia :: ===================================================
04-01 17:40:53.370  3875  6114 D DevelopmentSettings: innopia :: IN = T4HKeyLockBoth
04-01 17:40:53.370  3875  6114 D DevelopmentSettings: innopia :: OUT = T4HKeyLockBoth
04-01 17:40:53.370  3875  6114 D DevelopmentSettings: innopia :: volup | vdown | power | mute | input 
04-01 17:40:53.370  3875  6114 D DevelopmentSettings: innopia :: false | false | false | false | false
04-01 17:40:53.370  3875  6114 D DevelopmentSettings: innopia :: ===================================================
04-01 17:40:53.375  1949  6600 D BTPairingService: onDataReceived : 30:D9:7F:1E:67:FC
04-01 17:40:53.926  3875  3875 D DevelopmentSettings: innopia :: onStop()


>> Rcu setup app start 


04-01 17:41:00.696  1949  6600 D BTPairingService: onConnected : 30:D9:7F:1E:67:FC
04-01 17:41:01.463  1949  6600 D BTPairingService: onDataReceived : 30:D9:7F:1E:67:FC
04-01 17:41:01.491  1949  6600 D BTPairingService: onDataReceived : 30:D9:7F:1E:67:FC

04-01 17:41:02.073  1949  6600 D BTPairingService: onDataReceived : 30:D9:7F:1E:67:FC


>> RCU setup app Quick 


04-01 17:41:12.004  1949  6600 D BTPairingService: onDataReceived : 30:D9:7F:1E:67:FC
04-01 17:41:13.216  1949  6600 D BTPairingService: onDataReceived : 30:D9:7F:1E:67:FC
04-01 17:41:13.237  1949  6600 D BTPairingService: onDataReceived : 30:D9:7F:1E:67:FC
04-01 17:41:15.690  3875  3875 D DevelopmentSettings: innopia :: onStart()
04-01 17:41:15.702  3875  3875 D DevelopmentSettings: innopia :: onResume()
04-01 17:41:15.970  3875  5053 D DevelopmentSettings: innopia :: ===================================================
04-01 17:41:15.970  3875  5053 D DevelopmentSettings: innopia :: IN = T4HKeyLockSTB
04-01 17:41:15.970  3875  5053 D DevelopmentSettings: innopia :: OUT = T4HKeyLockSTB
04-01 17:41:15.970  3875  5053 D DevelopmentSettings: innopia :: volup | vdown | power | mute | input 
04-01 17:41:15.970  3875  5053 D DevelopmentSettings: innopia :: true | true | true | true | true
04-01 17:41:15.970  3875  5053 D DevelopmentSettings: innopia :: ===================================================
04-01 17:41:15.970  3875  5053 D DevelopmentSettings: innopia :: Default RCU IR Setting State
04-01 17:41:15.971  1949  6600 D BTPairingService: onDataReceived : 30:D9:7F:1E:67:FC
04-01 17:41:16.555  1949  6600 D BTPairingService: onDataReceived : 30:D9:7F:1E:67:FC
04-01 17:41:16.708  3875  3875 D DevelopmentSettings: innopia :: Receive Action = de.telekom.rcusetup.das_over
04-01 17:41:16.708  3875  3875 D DevelopmentSettings: innopia :: address = 30:D9:7F:1E:67:FC
04-01 17:41:16.708  3875  3875 D DevelopmentSettings: innopia :: result  = false
04-01 17:41:16.708  3875  3875 D DevelopmentSettings: innopia :: code    = 65535
04-01 17:41:16.708  3875  3875 D DevelopmentSettings: innopia :: status  = 2


>> Power Key Lock Off 


04-01 17:41:26.773  3875  3875 D DevelopmentSettings: innopia :: PowerKeyLock =================================================== 
04-01 17:41:26.777  3875  3875 D DevelopmentSettings: innopia :: HDMI_CONTROL_AUTO_WAKEUP_ENABLED = 1
04-01 17:41:26.777  3875  3875 D DevelopmentSettings: innopia :: HDMI_CONTROL_AUTO_DEVICE_OFF_ENABLED = 1
04-01 17:41:26.777  3875  3875 D DevelopmentSettings: innopia :: =================================================== 
04-01 17:41:26.777  3875  3875 D DevelopmentSettings: innopia :: PowerKeyLock OFF
04-01 17:41:26.787  3875  3875 D DevelopmentSettings: innopia :: getKeyLockState() 
04-01 17:41:26.807  3875  5772 D DevelopmentSettings: innopia :: ********************** 
04-01 17:41:26.807  3875  5772 D DevelopmentSettings: innopia :: setKeyLock T4HKeyLockSTB true status = 0
04-01 17:41:26.807  3875  5772 D DevelopmentSettings: innopia :: ********************** 
04-01 17:41:26.811  1949  6600 D BTPairingService: onDataReceived : 30:D9:7F:1E:67:FC
04-01 17:41:26.812  3875  5772 D DevelopmentSettings: innopia :: ********************** 
04-01 17:41:26.812  3875  5772 D DevelopmentSettings: innopia :: setKeyLock T4HKeyLockBoth false status = 2
04-01 17:41:26.812  3875  5772 D DevelopmentSettings: innopia :: ********************** 
04-01 17:41:26.813  1949  6600 D BTPairingService: onDataReceived : 30:D9:7F:1E:67:FC
04-01 17:41:26.814  3875  5772 D DevelopmentSettings: innopia :: ===================================================
04-01 17:41:26.815  3875  5772 D DevelopmentSettings: innopia :: IN = T4HKeyLockTV
04-01 17:41:26.815  3875  5772 D DevelopmentSettings: innopia :: OUT = T4HKeyLockTV
04-01 17:41:26.815  3875  5772 D DevelopmentSettings: innopia :: volup | vdown | power | mute | input 
04-01 17:41:26.815  3875  5772 D DevelopmentSettings: innopia :: false | false | false | false | false
04-01 17:41:26.815  3875  5772 D DevelopmentSettings: innopia :: ===================================================
04-01 17:41:26.816  1949  6600 D BTPairingService: onDataReceived : 30:D9:7F:1E:67:FC
04-01 17:41:26.817  3875  5772 D DevelopmentSettings: innopia :: ===================================================
04-01 17:41:26.817  3875  5772 D DevelopmentSettings: innopia :: IN = T4HKeyLockSTB
04-01 17:41:26.817  3875  5772 D DevelopmentSettings: innopia :: OUT = T4HKeyLockSTB
04-01 17:41:26.817  3875  5772 D DevelopmentSettings: innopia :: volup | vdown | power | mute | input 
04-01 17:41:26.817  3875  5772 D DevelopmentSettings: innopia :: true | true | true | true | true
04-01 17:41:26.817  3875  5772 D DevelopmentSettings: innopia :: ===================================================
04-01 17:41:26.818  1949  6600 D BTPairingService: onDataReceived : 30:D9:7F:1E:67:FC
04-01 17:41:26.818  3875  5772 D DevelopmentSettings: innopia :: ===================================================
04-01 17:41:26.819  3875  5772 D DevelopmentSettings: innopia :: IN = T4HKeyLockBoth
04-01 17:41:26.819  3875  5772 D DevelopmentSettings: innopia :: OUT = T4HKeyLockBoth
04-01 17:41:26.819  3875  5772 D DevelopmentSettings: innopia :: volup | vdown | power | mute | input 
04-01 17:41:26.819  3875  5772 D DevelopmentSettings: innopia :: false | false | false | false | false
04-01 17:41:26.819  3875  5772 D DevelopmentSettings: innopia :: ===================================================
04-01 17:41:26.820  1949  6600 D BTPairingService: onDataReceived : 30:D9:7F:1E:67:FC




>. P{o

>> Power Key Lock ON 

04-01 17:41:38.113  3875  3875 D DevelopmentSettings: innopia :: PowerKeyLock =================================================== 
04-01 17:41:38.120  3875  3875 D DevelopmentSettings: innopia :: HDMI_CONTROL_AUTO_WAKEUP_ENABLED = 0
04-01 17:41:38.121  3875  3875 D DevelopmentSettings: innopia :: HDMI_CONTROL_AUTO_DEVICE_OFF_ENABLED = 0
04-01 17:41:38.121  3875  3875 D DevelopmentSettings: innopia :: =================================================== 
04-01 17:41:38.121  3875  3875 D DevelopmentSettings: innopia :: PowerKeyLock ON
04-01 17:41:38.121  3875  3875 D DevelopmentSettings: innopia :: ===================================================
04-01 17:41:38.121  3875  3875 D DevelopmentSettings: innopia :: getRcuSetupState()
04-01 17:41:38.122  3875  3875 D DevelopmentSettings: innopia :: get RcuSetupState = OFF
04-01 17:41:38.122  3875  3875 D DevelopmentSettings: innopia :: ===================================================
04-01 17:41:38.122  3875  3875 D DevelopmentSettings: innopia :: startRcuSetup()
04-01 17:41:38.122  3875  3875 D DevelopmentSettings: innopia :: start RCU Setup.
04-01 17:41:38.135  3875  3875 D DevelopmentSettings: innopia :: getKeyLockState() 
04-01 17:41:38.280  3875  5053 D DevelopmentSettings: innopia :: ===================================================
04-01 17:41:38.280  3875  5053 D DevelopmentSettings: innopia :: IN = T4HKeyLockTV
04-01 17:41:38.282  3875  5053 D DevelopmentSettings: innopia :: OUT = T4HKeyLockTV
04-01 17:41:38.282  3875  5053 D DevelopmentSettings: innopia :: volup | vdown | power | mute | input 
04-01 17:41:38.282  3875  5053 D DevelopmentSettings: innopia :: false | false | false | false | false
04-01 17:41:38.282  3875  5053 D DevelopmentSettings: innopia :: ===================================================
04-01 17:41:38.284  1949  6600 D BTPairingService: onDataReceived : 30:D9:7F:1E:67:FC
04-01 17:41:38.285  3875  5053 D DevelopmentSettings: innopia :: ===================================================
04-01 17:41:38.285  3875  5053 D DevelopmentSettings: innopia :: IN = T4HKeyLockSTB
04-01 17:41:38.285  3875  5053 D DevelopmentSettings: innopia :: OUT = T4HKeyLockSTB
04-01 17:41:38.285  3875  5053 D DevelopmentSettings: innopia :: volup | vdown | power | mute | input 
04-01 17:41:38.285  3875  5053 D DevelopmentSettings: innopia :: true | true | true | true | true
04-01 17:41:38.285  3875  5053 D DevelopmentSettings: innopia :: ===================================================
04-01 17:41:38.286  1949  6600 D BTPairingService: onDataReceived : 30:D9:7F:1E:67:FC
04-01 17:41:38.287  3875  5053 D DevelopmentSettings: innopia :: ===================================================
04-01 17:41:38.287  3875  5053 D DevelopmentSettings: innopia :: IN = T4HKeyLockBoth
04-01 17:41:38.287  3875  5053 D DevelopmentSettings: innopia :: OUT = T4HKeyLockBoth
04-01 17:41:38.287  3875  5053 D DevelopmentSettings: innopia :: volup | vdown | power | mute | input 
04-01 17:41:38.287  3875  5053 D DevelopmentSettings: innopia :: false | false | false | false | false
04-01 17:41:38.287  3875  5053 D DevelopmentSettings: innopia :: ===================================================
04-01 17:41:38.288  1949  6600 D BTPairingService: onDataReceived : 30:D9:7F:1E:67:FC
04-01 17:41:38.726  3875  3875 D DevelopmentSettings: innopia :: onStop()


^C
130|console:/ # 